[Unit]
Description=Agento — AI Agents Platform
After=network-online.target
Wants=network-online.target

[Service]
Type=simple
ExecStart="/home/test user/.local/bin/agento" web --no-browser
Restart=on-failure
RestartSec=5
Environment="PATH=/home/test user/.local/bin:/opt/My Tools/bin:/usr/bin"
Environment="PORT=8990"
Environment="AGENTO_DATA_DIR=/home/test user/.agento"
Environment=AGENTO_SKIP_UPDATE_CHECK=1
StandardOutput=append:/home/test user/.agento/logs/service.log
StandardError=append:/home/test user/.agento/logs/service.log

[Install]
WantedBy=default.target
