[Unit]
Description=Agento — AI Agents Platform
After=network-online.target
Wants=network-online.target

[Service]
Type=simple
ExecStart="/home/test/.local/bin/agento" web --no-browser
Restart=on-failure
RestartSec=5
Environment="PATH=/home/test/.local/bin:/usr/local/bin:/usr/bin:/bin"
Environment="PORT=8990"
Environment="AGENTO_DATA_DIR=/home/test/.agento"
Environment=AGENTO_SKIP_UPDATE_CHECK=1
StandardOutput=append:/home/test/.agento/logs/service.log
StandardError=append:/home/test/.agento/logs/service.log

[Install]
WantedBy=default.target
