<?xml version="1.0" encoding="UTF-8"?>
<!DOCTYPE plist PUBLIC "-//Apple//DTD PLIST 1.0//EN" "http://www.apple.com/DTDs/PropertyList-1.0.dtd">
<plist version="1.0">
<dict>
	<key>Label</key>
	<string>com.shaharialab.agento</string>
	<key>ProgramArguments</key>
	<array>
		<string>/home/a&amp;b/.local/bin/agento</string>
		<string>web</string>
		<string>--no-browser</string>
	</array>
	<key>EnvironmentVariables</key>
	<dict>
		<key>PATH</key>
		<string>/home/a&amp;b/.local/bin:/opt/A&lt;B&gt;/bin:/usr/bin</string>
		<key>PORT</key>
		<string>8990</string>
		<key>AGENTO_DATA_DIR</key>
		<string>/home/a&amp;b/.agento</string>
		<key>AGENTO_SKIP_UPDATE_CHECK</key>
		<string>1</string>
	</dict>
	<key>RunAtLoad</key>
	<true/>
	<key>KeepAlive</key>
	<true/>
	<key>ThrottleInterval</key>
	<integer>5</integer>
	<key>StandardOutPath</key>
	<string>/home/a&amp;b/.agento/logs/service.log</string>
	<key>StandardErrorPath</key>
	<string>/home/a&amp;b/.agento/logs/service.log</string>
</dict>
</plist>
